2024-06-04 21:13:19.974901 - Update None caused error Bad Gateway
2024-06-05 21:21:20.650215 - Update None caused error Bad Gateway
2024-06-06 21:14:27.219174 - Update None caused error Bad Gateway